2FFF7F89D7F931B3AE5510E9
26DCA41BB7DFFC8B74DC71B846A26F
26DCA44BB75F86636E0E25669BB358
26DCA3EBB86072B37BAABE09F19186
