3731383233373436
3133313235383637333834353433323431333234353334
