a: 7
b: 26
p: 61
<25, 37>
<19, 8>
<59, 2>
<58, 51>
<27, 16>
