4D035B624E41A535845CB3ADDF265B2AAED496093FCDE28BCA87C580A0B03ECEBAB5A7E0DF4154AA9AC101B9872178905F7D51FB5318A74C046CD26DFEAAEB30751F5086A129E855174CD19595E35C66D424377AA33170A144CE3DC1
