4261379284712349123746192345
2348178942317623416767421766
10006481101590074588285209139549239086165805985175581270
10006481101590074588285209139549239086165805985175581270
