ACCEPT
[program:
  [decls:
    [decls:]
    [fdecl:
      [typ: INT]
      ID
      LPAREN
      [formals_opt:]
      RPAREN
      LBRACE
      [combined_list:
        [combined_list: [combined_list:] [vdecl: [typ: MINT] ID SEMI]]
        [stmt: [expr: ACCESS [expr: ID]] SEMI]
      ]
      RBRACE
    ]
  ]
  EOF
]
