ACCEPT
[program:
  [decls:
    [decls:]
    [fdecl:
      [typ: INT]
      ID
      LPAREN
      [formals_opt:]
      RPAREN
      LBRACE
      [combined_list:
        [combined_list: [combined_list:] [vdecl: [typ: INT] ID SEMI]]
        [stmt:
          [expr:
            ID
            ASSIGN
            [expr:
              [expr: [expr: LITERAL] PLUS [expr: LITERAL]]
              PLUS
              [expr: LITERAL]
            ]
          ]
          SEMI
        ]
      ]
      RBRACE
    ]
  ]
  EOF
]
