ACCEPT
[program:
  [decls:
    [decls:]
    [fdecl:
      [typ: INT]
      ID
      LPAREN
      [formals_opt:]
      RPAREN
      LBRACE
      [vdecl_list: [vdecl_list:] [vdecl: [typ: CHAR] ID SEMI]]
      [stmt_list:
        [stmt_list:]
        [stmt: [expr: ID ASSIGN [expr: CHARLIT]] SEMI]
      ]
      RBRACE
    ]
  ]
  EOF
]
