ACCEPT
[program:
  [decls:
    [decls:]
    [fdecl:
      [typ: INT]
      ID
      LPAREN
      [formals_opt:]
      RPAREN
      LBRACE
      [combined_list:
        [combined_list:
          [combined_list:
            [combined_list: [combined_list:] [vdecl: [typ: MINT] ID SEMI]]
            [vdecl: [typ: MINT] ID SEMI]
          ]
          [vdecl: [typ: CURVE] ID SEMI]
        ]
        [stmt:
          [expr: ID ASSIGN [expr: LT [expr: ID] COMMA [expr: ID] GT]]
          SEMI
        ]
      ]
      RBRACE
    ]
  ]
  EOF
]
