ACCEPT
[program:
  [decls:
    [decls:]
    [fdecl:
      [typ: INT]
      ID
      LPAREN
      [formals_opt:]
      RPAREN
      LBRACE
      [combined_list:
        [combined_list: [combined_list:] [vdecl: [typ: INT] ID SEMI]]
        [stmt:
          IF
          LPAREN
          [expr: [expr: LITERAL] GT [expr: LITERAL]]
          RPAREN
          [stmt:
            LBRACE
            [combined_list:
              [combined_list:]
              [stmt: [expr: ID ASSIGN [expr: LITERAL]] SEMI]
            ]
            RBRACE
          ]
          ELSE
          [stmt:
            LBRACE
            [combined_list:
              [combined_list:]
              [stmt: [expr: ID ASSIGN [expr: LITERAL]] SEMI]
            ]
            RBRACE
          ]
        ]
      ]
      RBRACE
    ]
  ]
  EOF
]
