ACCEPT
[program:
  [decls:
    [decls:]
    [fdecl:
      [typ: INT]
      ID
      LPAREN
      [formals_opt:]
      RPAREN
      LBRACE
      [vdecl_list: [vdecl_list:] [vdecl: [typ: INT] ID SEMI]]
      [stmt_list:
        [stmt_list:]
        [stmt:
          [expr:
            ID
            ASSIGN
            [expr:
              [expr:
                [expr: [expr: LITERAL] MOD [expr: LITERAL]]
                STAR
                [expr: LITERAL]
              ]
              MINUS
              [expr: LITERAL]
            ]
          ]
          SEMI
        ]
      ]
      RBRACE
    ]
  ]
  EOF
]
