ACCEPT
[program:
  [decls:
    [decls:]
    [fdecl:
      [typ: INT]
      ID
      LPAREN
      [formals_opt:]
      RPAREN
      LBRACE
      [combined_list:
        [combined_list: [combined_list:] [vdecl: [typ: INT] ID SEMI]]
        [stmt:
          [expr:
            ID
            ASSIGN
            [expr:
              [expr:
                LPAREN
                [expr: [expr: LITERAL] PLUS [expr: LITERAL]]
                RPAREN
              ]
              STAR
              [expr:
                LPAREN
                [expr:
                  [expr: LITERAL]
                  DIVIDE
                  [expr:
                    LPAREN
                    [expr: [expr: LITERAL] MINUS [expr: LITERAL]]
                    RPAREN
                  ]
                ]
                RPAREN
              ]
            ]
          ]
          SEMI
        ]
      ]
      RBRACE
    ]
  ]
  EOF
]
