ACCEPT
[program:
  [decls:
    [decls:]
    [fdecl:
      [typ: INT]
      ID
      LPAREN
      [formals_opt:]
      RPAREN
      LBRACE
      [vdecl_list:
        [vdecl_list:]
        [vdecl: [typ: [typ: CHAR] STAR] ID SEMI]
      ]
      [stmt_list:
        [stmt_list:]
        [stmt: [expr: ID ASSIGN [expr: STRING]] SEMI]
      ]
      RBRACE
    ]
  ]
  EOF
]
